## The features

### Sum types & control flow

#### Enums

A **closed** tagged union: `enum Name { ... }` lists every variant in one place,
optionally with brace-named payload fields. Construction is qualified —
`Name.Variant`, `Name.Variant(field: value)`.

```goal
enum Name {
    Variant1
    Variant2 { field: Type }
    Variant3 { f1: Type, f2: Type }
}
```

**Unlocks:** a variant set the compiler knows is *complete* and not externally
extensible — which is what makes `match` exhaustiveness (feature 02) provable. Adding a
variant later turns every now-incomplete `match` into a located error instead of a
silent fall-through.

**Goal:** a closed enum block is self-evidently a frozen set, co-located in one place,
so the compiler can enforce exhaustive handling and stop external code from secretly
breaking that completeness.

```goal
package traffic

enum Light {
    Red
    Yellow
    Green
}

func first() Light {
    return Light.Red
}
```

_transpiles to:_

```go
package traffic

type Light interface{ isLight() }

type Light_Red struct{}
type Light_Yellow struct{}
type Light_Green struct{}

func (Light_Red) isLight()    {}
func (Light_Yellow) isLight() {}
func (Light_Green) isLight()  {}

func first() Light {
	return Light(Light_Red{})
}
```

**Lowers to:** a sealed interface (`interface{ isLight() }`) with one per-variant struct
and an unexported marker method each — closing the set in Go's own type system.

#### Rejecting an unknown enum variant

The closed set is binding at **construction**, not only at `match`. Name a variant the
enum never declares and the checker rejects it at its source position — a located
compile error, not a phantom selector the backend would otherwise emit.

```goal
package traffic

enum Light {
    Red
    Yellow
    Green
}

func signal() Light {
    return Light.Blue
}
```

_rejected with:_

```text
light_unknown.goal:10:12: error: [unknown-variant] `Light.Blue` names `Blue`, which is not a variant of enum `Light` — its variants are `Light.Red`, `Light.Yellow`, `Light.Green`
```

**Why:** `enum Light` freezes its variant set to Red, Yellow, Green (feature 01), so the
checker knows `Blue` was never declared. Enforcing this at construction — not just at
`match` — is what keeps the set genuinely closed, so exhaustiveness stays provable.

#### Match

A dedicated `match` construct (deliberately *not* `switch`) with `=>` arms. Arms bind
the variant payload (`E.Variant(b) => use(b)`); an explicit `_` arm is the conscious
opt-out for partial handling. `match` can be a statement or yield a value.

```goal
match value {
    Enum.Variant => stmt
    Enum.Variant(binding) => expr_or_stmt
    _ => expr_or_stmt   // optional, explicit rest-arm
}
```

**Unlocks:** exhaustiveness checking — the checker proves every variant is handled, so a
forgotten case is a located compile error, not silent wrong behavior. `_` is a
deliberate marker for "I really do mean to handle the rest," not a reflexive default.

**Goal:** a distinct `match` syntax (so the model doesn't reflexively reach for Go's
`default:` and silently defeat exhaustiveness) that converts case-omission into
compile-time feedback.

```goal
package status

type Time = int64

func render(t Time)    {}
func showPlaceholder() {}

enum Status {
    Pending
    Active { since: Time }
    Cancelled { reason: string, at: Time }
}

func handle2(s Status) {
    match s {
        Status.Active(a) => render(a.since)
        _ => showPlaceholder()
    }
}
```

_transpiles to:_

```go
package status

type Time = int64

func render(t Time) {
}

func showPlaceholder() {
}

type Status interface{ isStatus() }

type Status_Pending struct{}
type Status_Active struct {
	Since Time
}
type Status_Cancelled struct {
	Reason string
	At     Time
}

func (Status_Pending) isStatus()   {}
func (Status_Active) isStatus()    {}
func (Status_Cancelled) isStatus() {}

func handle2(s Status) {
	switch v := s.(type) {
	case Status_Active:
		render(v.Since)
	default:
		showPlaceholder()
	}
}
```

**Lowers to:** a Go type switch over the variant structs. An exhaustive `match` emits a
defensive panicking `default`; an explicit `_` arm becomes a real `default:` block.

#### Rejecting a non-exhaustive match

Omit a variant with no `_` rest-arm and the checker rejects the `match` at its source
position, naming the variant you forgot — a **located compile error**, not a silent
panicking `default:`.

```goal
package status

func startOnboarding() {}
func resume()          {}

enum Status {
    Pending
    Active
    Cancelled
}

func handle(s Status) {
    match s {
        Status.Pending => startOnboarding()
        Status.Active => resume()
    }
}
```

_rejected with:_

```text
status_missing.goal:13:5: error: [non-exhaustive-match] non-exhaustive `match` on enum `Status`: missing variant `Status.Cancelled` — handle it, or add a `_` rest-arm to dismiss the rest
```

**Why:** the enum is a closed set (feature 01), so the checker knows `Cancelled` exists and
that this `match` never handles it. Add the arm, or opt out deliberately with `_` — either
way the omission is a conscious choice, never a silent fall-through.

---

### Errors & absence

#### Result (open-E)

A fallible function returns a `Result[T, E]` as its **whole** return value — a sum of
`Result.Ok(T)` / `Result.Err(E)`. When `E` is the `error` interface (the *open* case),
this is the everyday error path.

```goal
func name(...) Result[T, error] {
    if cond {
        return Result.Err(err)
    }
    return Result.Ok(value)
}
```

**Unlocks:** Go's single biggest silent-failure pattern — `cfg, _ := parse(s)` — goes
away. The error is a *branch of the value you hold*, not a separate return you can
forget. You reach the success value only by handling both branches (or with `?`,
feature 05).

**Goal:** make the error and success path a single sum so the success value is
unreachable without going through error handling — turning accidental error discards
into compile errors.

```goal
package config

import "errors"

type Config struct {
    Raw string
}

func parse(s string) Result[Config, error] {
    if s == "" {
        return Result.Err(errors.New("empty input"))
    }
    return Result.Ok(Config{Raw: s})
}
```

_transpiles to:_

```go
package config

import "errors"

type Config struct {
	Raw string
}

func parse(s string) (ok Config, err error) {
	if s == "" {
		return ok, errors.New("empty input")
	}
	return Config{Raw: s}, nil
}
```

**Lowers to:** Go's native `(T, error)` pair. `Result.Ok(v)` → `(v, nil)`,
`Result.Err(e)` → `(zero, e)`, and a `match` on the result becomes an `err != nil`
branch. Zero runtime cost over hand-written Go.

#### Rejecting a dropped Result

A `Result` is **must-use**: drop it on the floor — a bare call statement — and the checker
rejects it at the call site. The success value is unreachable and the error branch would be
silently discarded, exactly the `cfg, _ := parse(s)` footgun this feature closes.

```goal
package config

import "errors"

type Config struct {
    Raw string
}

func parse(s string) Result[Config, error] {
    if s == "" {
        return Result.Err(errors.New("empty input"))
    }
    return Result.Ok(Config{Raw: s})
}

func run(input string) {
    parse(input)
}
```

_rejected with:_

```text
result_dropped.goal:17:5: error: [dropped-result] the `Result` returned by `parse(…)` is dropped: a `Result` must be used — consume it with `match parse(…) { Result.Ok(v) => … Result.Err(e) => … }`, propagate it with `parse(…)?`, or bind it with `x := parse(…)`
```

**Why:** the error is a branch of the value you hold, not a separate return you can forget.
Consume it (`match`), propagate it (`?`), or bind it (`x := parse(…)`) — any of the three
makes the error path a conscious choice, never a silent discard.

#### Option

`Option[T]` is a sum of `Option.Some(T)` / `Option.None` — the same machinery as
`Result`, used for *absence*. Its inner value is reachable only by destructuring through
a `match`.

```goal
func find(id ID) Option[User] {
    u, ok := lookup(id)
    if !ok {
        return Option.None
    }
    return Option.Some(u)
}
```

**Unlocks:** nil-dereference — Go's *other* great silent-failure class — is eliminated.
The value is unreachable without passing through a `match` arm, so every access is
provably guarded.

**Goal:** for nearly free (it reuses the sum-type machinery from features 01–03), the
checker converts a potential nil-dereference into a forced, visible `match`.

```goal
package users

type ID int

type User struct {
    Name string
}

func lookup(id ID) (User, bool) {
    return User{...defaults}, false
}

func find(id ID) Option[User] {
    u, ok := lookup(id)
    if !ok {
        return Option.None
    }
    return Option.Some(u)
}

func greet(u User) {}
func prompt()      {}

func handle(id ID) {
    match find(id) {
        Option.Some(u) => greet(u)
        Option.None => prompt()
    }
}
```

_transpiles to:_

```go
package users

type ID int

type User struct {
	Name string
}

func lookup(id ID) (User, bool) {
	return User{Name: ""}, false
}

func find(id ID) *User {
	u, ok := lookup(id)
	if !ok {
		return nil
	}
	some := u
	return &some
}

func greet(u User) {
}

func prompt() {
}

func handle(id ID) {
	if o := find(id); o != nil {
		u := *o
		greet(u)
	} else {
		prompt()
	}
}
```

**Lowers to:** `*T`. `Option.None` → `nil`, `Option.Some(v)` → a copy (`some := v; &some`)
so later writes to `v` are never observable through the `Option`, and `match` becomes
the nil-check `if p != nil { … } else { … }`.

**No standalone "Rejected with" example:** unlike the other features here, `Option` has no
error snippet of its own — and that omission is the point. Its guarantee is *structural*,
not a diagnostic. The inner value is unreachable except through a `match` arm (feature 02
already rejects a `match` that forgets `Option.None`), so a nil-dereference has no
syntactic form to reject — there is nothing to *write* that reaches the value unguarded.
And dropping an `Option` is legal: absence is a valid, complete outcome, so — unlike a
dropped `Result` (feature 03) — discarding one is not an error. Option's safety shows up
as the *absence* of a way to go wrong, which is exactly why it needs no rejection example.

#### `?` propagation

Postfix `?` on a `Result` or `Option` value: if it's `Err`/`None`, early-return it from
the enclosing function; otherwise unwrap to the `Ok`/`Some` value. It makes the safe
path the *short* path.

```goal
func loadConfig(p string) Result[Config, error] {
    raw := readFile(p)?   // Err → return it; else unwrap to []byte
    cfg := parse(raw)?
    return Result.Ok(cfg)
}
```

**Unlocks:** error/absence handling becomes a straight line through the function instead
of a pyramid of matches — so `Result`/`Option` are *cheaper* than `if err != nil`, and
the model reaches for them instead of routing around the safety.

**Goal:** `?` is the affordance that makes the safe types the path of least resistance.
The glyph is the conventional Rust/Swift one — non-negotiable for recognition.

```goal
package config

type Config struct {
    Raw string
}

func readFile(p string) Result[[]byte, error] {
    return Result.Ok([]byte(p))
}

func parse(raw []byte) Result[Config, error] {
    return Result.Ok(Config{Raw: string(raw)})
}

func loadConfig(p string) Result[Config, error] {
    raw := readFile(p)?
    cfg := parse(raw)?
    return Result.Ok(cfg)
}
```

_transpiles to:_

```go
package config

type Config struct {
	Raw string
}

func readFile(p string) (ok []byte, err error) {
	return []byte(p), nil
}

func parse(raw []byte) (ok Config, err error) {
	return Config{Raw: string(raw)}, nil
}

func loadConfig(p string) (ok Config, err error) {
	raw, err := readFile(p)
	if err != nil {
		return ok, err
	}
	cfg, err := parse(raw)
	if err != nil {
		return ok, err
	}
	return cfg, nil
}
```

**Lowers to:** in a `Result[_, error]` function, `name := expr?` becomes
`name, err := expr; if err != nil { return ok, err }`. In an
`Option[_]` function it becomes a nil-check-and-return, then a deref.

#### Rejecting `?` in a non-fallible function

`?` early-returns a failure, so it needs a failure channel to return it *through*. Use
`?` in a function whose return type is neither a `Result` nor an `Option` and the
checker rejects it at the `?`, naming the offending function's return — a located
compile error, not a silent drop.

```goal
package config

func readFile(p string) Result[[]byte, error] {
    return Result.Ok([]byte(p))
}

func peek(p string) int {
    raw := readFile(p)?
    return len(raw)
}
```

_rejected with:_

```text
qprop_nonfallible.goal:8:23: error: [question-outside-result] `?` propagates a failure, but function `peek` returns `(int)`, which is neither a `Result` nor an `Option`; change its return type to `Result[T, error]` or `Option[T]` so it can carry the failure
```

**Why:** `?` is sugar for "return the `Err`/`None` from here." A function returning a plain
`int` has nowhere to put that failure, so the propagation is unrepresentable. Change
`peek`'s return to `Result[int, error]` (or `Option[int]`) and the `?` has a channel.

#### Result (closed-E)

The error type `E` in `Result[T, E]` may instead be an `enum` (the *closed* case). The
failure set is then visible in the signature and exhaustively matchable. `?` across
mismatched error enums is bridged by a registered `from func` conversion. One unified
mechanism: open vs. closed differs only in whether `E` is `error` or an enum.

```goal
enum ParseError {
    Empty
    BadKey { key: string }
}

func parse(s string) Result[Config, ParseError] { ... }
```

**Unlocks:** the exact set of failures a function can produce is in its type, and a
`match` on the result is checked for exhaustiveness like any enum. Unlike open `error`,
the closed sum value survives at runtime, enabling precise failure handling.

**Goal:** reuse the existing `enum` + `Result` machinery so there's *one* error system
with a single knob (open ↔ closed), not a second parallel mechanism.

```goal
package parse

enum ParseError {
    Empty
    BadKey { key: string }
}

type Config struct {
    Raw string
}

func parse(s string) Result[Config, ParseError] {
    if s == "" {
        return Result.Err(ParseError.Empty)
    }
    return Result.Ok(Config{Raw: s})
}

func run(c Config)        {}
func report(e ParseError) {}

func handle(input string) {
    match parse(input) {
        Result.Ok(cfg) => run(cfg)
        Result.Err(e) => report(e)
    }
}
```

_transpiles to:_

```go
package parse

type Result[T, E any] interface{ isResult() }
type Ok[T, E any] struct{ Value T }
type Err[T, E any] struct{ Value E }

func (Ok[T, E]) isResult()  {}
func (Err[T, E]) isResult() {}

type ParseError interface{ isParseError() }

type ParseError_Empty struct{}
type ParseError_BadKey struct {
	Key string
}

func (ParseError_Empty) isParseError()  {}
func (ParseError_BadKey) isParseError() {}

type Config struct {
	Raw string
}

func parse(s string) Result[Config, ParseError] {
	if s == "" {
		return Err[Config, ParseError]{Value: ParseError(ParseError_Empty{})}
	}
	return Ok[Config, ParseError]{Value: Config{Raw: s}}
}

func run(c Config) {
}

func report(e ParseError) {
}

func handle(input string) {
	switch r := parse(input).(type) {
	case Ok[Config, ParseError]:
		cfg := r.Value
		run(cfg)
	case Err[Config, ParseError]:
		e := r.Value
		report(e)
	default:
		panic("unreachable: non-exhaustive Result[Config, ParseError] (compiler invariant violated)")
	}
}
```

**Lowers to:** a generic sum encoding — `interface{ isResult() }` with `Ok[T,E]` and
`Err[T,E]` cases. `match` becomes a type switch with a defensive panic default; `?`
becomes type-switch-and-return, inserting a `from func` conversion in the `Err` arm when
error types differ. (Open-E and closed-E can coexist in one file — see
[composition](#composition-all-eleven-in-one-file).)

#### Rejecting an unbridged closed-E propagation

`?` may cross from one closed error enum into another only when a `from func`
converts between them. Omit the conversion and the propagation is rejected at the `?`,
naming both enums and the exact `from func` you must declare — the closed set stays
total, so no failure silently changes type.

```goal
package parse

enum ParseError {
    Empty
}

enum AppError {
    Boom
}

type Config struct {
    Raw string
}

func parse(s string) Result[Config, ParseError] {
    return Result.Ok(Config{Raw: s})
}

func load(s string) Result[Config, AppError] {
    cfg := parse(s)?
    return Result.Ok(cfg)
}
```

_rejected with:_

```text
err_convert_missing.goal:20:20: error: [missing-from-conversion] `?` propagates `ParseError` into a `Result[_, AppError]` function but no `from func` converts `ParseError` to `AppError` — declare `from func name(e ParseError) AppError { … }`
```

**Why:** a closed error enum is a total set of failures (feature 06), so bridging `?`
into a different enum must be an explicit, checked conversion — never an implicit widening
that would let a `ParseError` reach an `AppError` caller unaccounted for.

---

### Contracts on types

#### implements

The inline `implements` clause on a struct declares — at the type's own site — that the
struct satisfies one or more interfaces. Structural satisfaction is unchanged; this only
*adds* a checked assertion.

```goal
type Point struct implements Stringer { X int; Y int }   // any interface(s); comma-separated
```

**Unlocks:** Go's silent, unchecked-at-declaration interface satisfaction becomes a
compile error at the struct. A missing or mis-signed method is caught at the
declaration, not at a distant call site (or never).

**Goal:** convert an invisible "does this still satisfy the interface?" into located
feedback at the type itself — kept additive, so structural typing elsewhere is
untouched.

```goal
package shapes

type Stringer interface {
    String() string
}

type Point struct implements Stringer {
    X int
    Y int
}

func (p Point) String() string {
    return "point"
}
```

_transpiles to:_

```go
package shapes

type Stringer interface {
	String() string
}

type Point struct {
	X int
	Y int
}

var _ Stringer = Point{}

func (p Point) String() string {
	return "point"
}
```

**Lowers to:** the idiomatic Go compile-time assertion `var _ Stringer = Point{}` (or
`&Point{}` for pointer-receiver methods).

#### Rejecting an unmet implements clause

Declare `implements` on a struct that is missing one of the interface's methods and the
checker rejects the struct at its `implements` clause, naming the absent method and the
exact receiver signature to add — the contract is enforced at the declaration, not at a
distant call site.

```goal
package shapes

type Shaper interface {
    Area() float64
    Perimeter() float64
}

type Square struct implements Shaper {
    side float64
}

func (s Square) Perimeter() float64 {
    return 4 * s.side
}
```

_rejected with:_

```text
square_missing.goal:8:20: error: [unimplemented-method] type `Square` does not implement `Shaper`: missing method `Area() float64` — declare `func (s Square) Area() float64`
```

**Why:** `implements` turns Go's silent, unchecked-at-declaration interface satisfaction
into located feedback at the type itself — a missing or mis-signed method is caught where
the claim is made, so `Square` can never drift out of `Shaper` unnoticed.

#### No zero value

An omitted struct field defaults to its zero — but only when that zero is *safe*. A field
whose zero is a latent hazard (a nil `map`/pointer/`chan`/`func`, a method-bearing interface,
or a sealed sum with no valid zero variant) must be set explicitly; everything else defaults
silently. A trailing `...defaults` still fills the safe fields at once — now valid-but-redundant,
so legacy code keeps compiling.

```goal
User{ name: "a", email: "b@c" }                      // omitted role/admin have safe zeros — fine
User{ name: "a", email: "b@c", ...defaults }         // redundant-but-accepted: fill the rest
User{ name: "a", email: "b@c", role: r, admin: t }   // every field named — also fine
```

**Unlocks:** Go's notorious zero-value footgun — an *unsafe* unset field (a `nil` map that
panics on write, a `nil` pointer that panics on deref) silently slipping into production —
becomes a located compile error at the construction site. Harmless zeros
(`0`/`""`/`false`/nil slice/`Option[T]`) still default without ceremony.

**Goal:** attack a *named, Go-specific* weakness by forcing only the *dangerous* zeros to be
named, keeping safe construction ergonomic.

```goal
package users

type Role int

const (
	RoleMember Role = iota
	RoleAdmin
)

type User struct {
	name  string
	email string
	role  Role
	admin bool
}

// newAdmin sets every field explicitly — a complete literal passes through verbatim.
func newAdmin() User {
	return User{name: "root", email: "root@x", role: RoleAdmin, admin: true}
}
```

_transpiles to:_

```go
package users

type Role int

const (
	RoleMember Role = iota
	RoleAdmin
)

type User struct {
	name  string
	email string
	role  Role
	admin bool
}

func newAdmin() User {
	return User{name: "root", email: "root@x", role: RoleAdmin, admin: true}
}
```

**Lowers to:** a complete literal passes through verbatim; a `...defaults` literal
expands its safe fields to explicit per-field zero values (e.g. `User{name: name, role: 0,
active: false}`) and *rejects* any field whose zero is unsafe (see below). The completeness
guarantee is a checker concern — the emitted Go is ordinary.

#### Rejecting an unsafe default

`...defaults` only fills fields whose zero value is *safe*. A field whose zero is a latent
hazard — a `nil` map (panics on write), a `nil` pointer (panics on deref), a `nil` channel or
func, or a sum type with no valid variant — is a **located compile error**, not a silent zero.
Set such a field explicitly, or use `Option[T]` for a genuinely-optional reference.

```goal
package cache

type Store struct {
	name    string
	entries map[string]int
}

func newStore(name string) Store {
	return Store{name: name, ...defaults}
}
```

_rejected with:_

```text
defaults_unsafe.goal:9:27: error: [unsafe-default] `...defaults` cannot default field `entries` of type `map[string]int`: a nil map panics on write — set it explicitly (e.g. `map[string]int{}`)
```

**Why:** a `nil` map reads fine but panics the moment something writes to it — exactly the
silent zero-value footgun this feature exists to close. `entries` has no safe default, so
construction must name it (`entries: map[string]int{}`); the genuinely-safe fields can still
ride `...defaults`.

#### Rejecting an incomplete literal

An omitted field defaults to its zero — but only when that zero is *safe*. A literal that
omits a field whose zero is **unsafe** (a nil map/pointer/chan/func, a method-bearing
interface, or a sum type) is a **located compile error** naming the field. This is the
safety-only rule: the genuinely-safe omissions (`string`, `int`, `bool`, nil slice,
`Option[T]`) default silently, so only the dangerous zero is forced to be named.

```goal
package users

type User struct {
	name  string
	email string
	admin bool
	perms map[string]bool
}

// newUser omits `email`, `admin`, and `perms`. The string/bool fields have safe zeros
// and default silently; `perms` is a map whose nil zero panics on the first write — an
// unsafe-zero omission, so it is the one located error.
func newUser(name string) User {
	return User{name: name}
}
```

_rejected with:_

```text
incomplete.goal:14:9: error: [unsafe-zero] struct literal `User{…}` omits field `perms` of type `map[string]bool`: a nil map panics on write — set it explicitly (e.g. `map[string]bool{}`)
```

**Why:** in Go, `User{name: name}` compiles and reads back `perms` as a `nil` map that
panics the moment anything writes to it — the exact footgun this feature closes. `email`
and `admin` read back as `""`/`false`, which are harmless, so goal lets them default; only
the unsafe `perms` zero is turned into a checker error at the construction site.

#### Methods on sum types

A sum type is not limited to free functions: an `enum` can carry behaviour through
value-receiver methods, so the data and the operations on it live together. The method
body dispatches on the variant with `match` (feature 02), exactly as a free function
would.

```goal
func (s Shape) Area() float64 { return match s { … } }   // a method whose receiver is an enum
```

**Unlocks:** behaviour on a closed set. Because the variant set is frozen (feature 01),
the method's `match` is checked for exhaustiveness like any other — add a variant and
every method that dispatches on it must handle the new case or fail to compile.

**Goal:** let a sum type own its operations (`s.Area()`) instead of scattering them as
free functions, while keeping the exhaustiveness guarantee that makes `enum` safe.

```goal
package main

import "fmt"

enum Shape {
    Circle { r: float64 }
    Rect { w: float64, h: float64 }
}

func (s Shape) Area() float64 {
    return match s {
        Shape.Circle(c) => 3.14 * c.r * c.r
        Shape.Rect(r) => r.w * r.h
    }
}

func main() {
    shapes := []Shape{Shape.Circle(r: 2), Shape.Rect(w: 3, h: 4)}
    for _, s := range shapes {
        fmt.Printf("%.2f\n", s.Area())
    }
}
```

_transpiles to:_

```go
package main

import "fmt"

type Shape interface {
	Area() float64
	isShape()
}

type Shape_Circle struct {
	R float64
}
type Shape_Rect struct {
	W float64
	H float64
}

func (Shape_Circle) isShape() {}
func (Shape_Rect) isShape()   {}

func Shape_Area(s Shape) float64 {
	switch v := s.(type) {
	case Shape_Circle:
		return 3.14 * v.R * v.R
	case Shape_Rect:
		return v.W * v.H
	default:
		panic("unreachable: non-exhaustive Shape (compiler invariant violated)")
	}
}

func (s Shape_Circle) Area() float64 {
	return Shape_Area(s)
}

func (s Shape_Rect) Area() float64 {
	return Shape_Area(s)
}

func main() {
	shapes := []Shape{Shape(Shape_Circle{R: 2}), Shape(Shape_Rect{W: 3, H: 4})}
	for _, s := range shapes {
		fmt.Printf("%.2f\n", s.Area())
	}
}
```

**Lowers to:** the method signature is folded into the enum's interface method set, one
shared free function (`Shape_Area`) holds the body, and each variant gets a forwarding
method that delegates to it — so `s.Area()` resolves through the interface regardless of
which variant `s` holds. Pointer receivers on an enum are rejected at the declaration
(the receiver form has no single owning variant); use a value receiver.

### Runtime & test feedback

#### assert

`assert cond` checks a boolean invariant at runtime and panics on failure, with the
source expression text in the message. An optional printf-style explanation is appended.

```goal
assert cond                          // bare — auto message from the expression text
assert cond, "fmt", args...          // explanation appended
```

**Unlocks:** invariants the type system can't capture become located panics — the
offending condition is always visible in the failure, instead of a silent logical error
propagating.

**Goal:** apply the located-feedback principle at the band just below compile time —
encode invariants cheaply and familiarly so runtime failures point at the exact
condition.

```goal
package bank

// withdraw asserts an invariant the type system can't capture (amount > 0). The
// bare form needs no message: the panic carries the source expression text.
func withdraw(balance int, amount int) int {
	assert amount > 0
	return balance - amount
}
```

_transpiles to:_

```go
package bank

func withdraw(balance int, amount int) int {
	if !(amount > 0) {
		panic("assertion failed: amount > 0")
	}
	return balance - amount
}
```

**Lowers to:** `if !(cond) { panic("assertion failed: " + cond) }`; the printf form
appends `fmt.Sprintf(...)` to the message.

#### Rejecting a statically-false assert

An `assert` whose condition the checker can constant-fold to `false` can only ever panic
at runtime. goal rejects it **before lowering** — a guaranteed-panic assert is a compile
error, not a crash waiting for the code path to run.

```goal
package bank

// The condition constant-folds to false, so this assert can only ever panic. The
// checker rejects it before lowering rather than deferring to a guaranteed runtime crash.
func mustFail() {
	assert 2 > 3
}
```

_rejected with:_

```text
overdraft.goal:6:2: error: [assert-always-false] assert condition `2 > 3` is statically false: this assert always panics
```

**Why:** an assertion that is *always* false is never a real invariant — it is dead,
guaranteed-panic code. Catching it at compile time pulls the failure up a feedback band
(compiler over runtime), so the mistake surfaces before the program ever runs.

#### Doctests

Executable examples live in `///` doc comments: a `>>> <expr>` line followed by its
expected output. They're extracted into a generated `_test.go` and run under
`go test` — so an example either passes as a test or fails to compile.

```goal
/// Adds two ints.
/// >>> add(2, 3)
/// 5
func add(a int, b int) int { ... }
```

**Unlocks:** documentation examples that *can't silently drift* — the example is a real
test, so a stale or non-running doctest is impossible by construction (it's a failing
test or a compile error).

**Goal:** put executable verification in the **top feedback band** (tests > compiler >
prose), co-located with the documentation it verifies. The hard requirement: *no way*
for a doctest to silently skip.

```goal
package mathx

/// Adds two ints.
/// >>> add(2, 3)
/// 5
func add(a int, b int) int {
	return a + b
}
```

_generated _test.go:_

```go
package mathx

import "testing"

func TestDoctest_add_1(t *testing.T) {
	got := add(2, 3)
	want := 5
	if got != want {
		t.Errorf("doctest add: got %v, want %v", got, want)
	}
}
```

**Lowers to:** a generated `<base>_doctest_test.go` with one `TestDoctest_*` per example
— `got := <expr>; want := <expected>; if got != want { t.Errorf(...) }`. It's a
*side output*, emitted alongside the transpiled Go rather than inline.

#### A drifted doctest fails its test

The guarantee is only worth something when a *wrong* example is caught. Here the
expected value drifts from what the code returns — `triple(3)` is `9`, not `6`:

```goal
package mathx

/// Triples an int.
/// >>> triple(3)
/// 6
func triple(x int) int {
	return x * 3
}
```

_transpiles to:_

```go
package mathx

func triple(x int) int {
	return x * 3
}
```

#### derive-convert

`derive func` declarations build a struct-to-struct conversion field-by-field, pulling
each field from a registry of `from func` leaf conversions. Missing fields are a
compile error, not silent zeros. `_` intentionally skips a field; `...derive(src)` fills
the remainder from the registry.

```goal
from func uuidToString(u UUID) string { ... }   // leaf conversion (registry entry)
derive func toIDs(g Group) IDList               // bodyless: fill all fields
derive func g(s S) T {                           // with exceptions
    return T{ Field: expr, Skip: _, ...derive(s) }
}
```

**Unlocks:** the silent zero-value gaps of multi-layer codebases — a forgotten field in
a conversion, an unregistered type pair, an ambiguous narrowing — become located compile
errors. Every target field must be sourced from the registry or explicitly provided.

**Goal:** generalize feature 08's completeness principle to *type-pair* conversion — the
high-leverage case where forgotten fields read back as zero — so a conversion is provably
total.

```goal
package conv

// Local stand-in (see to_storage.goal / SYNTAX.md).
type UUID struct{ s string }

func (u UUID) String() string { return u.s }

from func uuidToString(u UUID) string { return u.String() }

type Group struct {
	Name    string
	Members []UUID
}

type IDList struct {
	Name    string
	Members []string
}

// Container recursion (built-in deriver rule): Members []UUID -> []string is filled
// automatically from the registered UUID -> string; the user writes only the leaf.
derive func toIDs(g Group) IDList
```

_transpiles to:_

```go
package conv

type UUID struct {
	s string
}

func (u UUID) String() string {
	return u.s
}

func uuidToString(u UUID) string {
	return u.String()
}

type Group struct {
	Name    string
	Members []UUID
}

type IDList struct {
	Name    string
	Members []string
}

func toIDs(g Group) IDList {
	var out IDList
	out.Name = g.Name
	out.Members = make([]string, len(g.Members))
	for i := range g.Members {
		out.Members[i] = uuidToString(g.Members[i])
	}
	return out
}
```

**Lowers to:** `from func` strips to a plain `func`; `derive func` expands to
field-by-field assignments with registry lookups and container recursion;
`...derive(src)` expands to per-field conversions, skipping overridden and `_`-marked
fields.

#### Rejecting an unsourced derive field

Every target field of a `derive func` must be sourced — from a same-named source field, a
registry conversion, or an explicit override. A target field with no source would be
silently zeroed, so the deriver **rejects** it as a located compile error.

```goal
package conv

// StoredEvent.ExternalID has no same-named source field on EventExecution and no
// explicit override in the bodyless derive: it is unsourced. Filling it would silently
// zero the field, so the conversion is rejected as incomplete.

type EventExecution struct {
	ID       string
	Railroad string
}

type StoredEvent struct {
	ID         string
	Railroad   string
	ExternalID string
}

derive func toStorage(e EventExecution) StoredEvent
```

_rejected with:_

```text
to_storage.goal:18:13: error: [unsourced-field] `derive func` target field `StoredEvent.ExternalID` has no same-named source field on `EventExecution` and no explicit override — add `ExternalID: …` or `ExternalID: _`, or a same-named field on `EventExecution`
```

**Why:** this is feature 08's completeness guarantee generalized to type-pair conversion —
the high-leverage case where a forgotten field reads back as zero across a translation
layer. The deriver refuses to invent a value it was never given a source for.

---

### Composition

#### Composition: all eleven in one file

The headline claim is that the features **compose** — there's one front-end pipeline,
not eleven tools, and any combination transpiles in a single pass. This program uses
enums, match, Result (open-E), `?`, implements (both a sealed-interface marker and a
plain assertion), no-zero-value `...defaults`, and assert together:

```goal
package app

import "errors"

type Role int

type User struct {
    name   string
    role   Role
    active bool
}

sealed interface Shape {}

type Circle struct implements Shape {
    r float64
}

type Stringer interface {
    String() string
}

type Tag struct implements Stringer {
    v string
}

func (t Tag) String() string {
    return t.v
}

enum State {
    Idle
    Running { pid: int }
}

func square(x int) int {
    return x * x
}

func makeUser(name string, age int) Result[User, error] {
    assert age >= 0, "negative age: %d", age
    if name == "" {
        return Result.Err(errors.New("empty name"))
    }
    return Result.Ok(User{name: name, ...defaults})
}

func register(name string, age int) Result[User, error] {
    u := makeUser(name, age)?
    return Result.Ok(u)
}

func describe(s State) string {
    var label string = match s {
        State.Idle => "idle"
        State.Running(r) => "running"
    }
    return label
}
```

_transpiles to:_

```go
package app

import "fmt"

import "errors"

type Role int

type User struct {
	name   string
	role   Role
	active bool
}

type Shape interface{ isShape() }

type Circle struct {
	r float64
}

func (Circle) isShape() {}

type Stringer interface {
	String() string
}

type Tag struct {
	v string
}

var _ Stringer = Tag{}

func (t Tag) String() string {
	return t.v
}

type State interface{ isState() }

type State_Idle struct{}
type State_Running struct {
	Pid int
}

func (State_Idle) isState()    {}
func (State_Running) isState() {}

func square(x int) int {
	return x * x
}

func makeUser(name string, age int) (ok User, err error) {
	if !(age >= 0) {
		panic("assertion failed: age >= 0: " + fmt.Sprintf("negative age: %d", age))
	}
	if name == "" {
		return ok, errors.New("empty name")
	}
	return User{name: name, role: 0, active: false}, nil
}

func register(name string, age int) (ok User, err error) {
	u, err := makeUser(name, age)
	if err != nil {
		return ok, err
	}
	return u, nil
}

func describe(s State) string {
	var label string
	switch s.(type) {
	case State_Idle:
		label = "idle"
	case State_Running:
		label = "running"
	default:
		panic("unreachable: non-exhaustive State (compiler invariant violated)")
	}
	return label
}
```

Notice how each feature lowers independently yet correctly side-by-side: `implements`
on `Circle` becomes a marker method (because `Shape` is a sealed interface) while
`implements` on `Tag` becomes a `var _` assertion (because `Stringer` is an ordinary
interface); the `assert` pulls in `fmt`; `...defaults` expands to `role: 0, active:
false`; and the value-position `match` writes into `label` with a panicking default. The
even harder case — open-E and closed-E `Result` in the *same* file — lives in
[`testdata/open_closed_mix.goal`](../testdata/open_closed_mix.goal).

---


